
================================================================================
{
  "timestamp": "2025-12-29T06:28:15.799Z",
  "type": "WARNING",
  "message": "Browser detection completed",
  "details": {
    "browsers": {
      "chrome": {
        "available": true,
        "path": "C:\\Program Files\\Google\\Chrome\\Application\\chrome.exe",
        "message": "Chrome found at: C:\\Program Files\\Google\\Chrome\\Application\\chrome.exe"
      },
      "firefox": {
        "available": false,
        "path": null,
        "message": "Firefox not found. Install Firefox to use Firefox mode."
      },
      "edge": {
        "available": true,
        "path": "C:\\Program Files (x86)\\Microsoft\\Edge\\Application\\msedge.exe",
        "message": "Edge found at: C:\\Program Files (x86)\\Microsoft\\Edge\\Application\\msedge.exe"
      },
      "puppeteerChrome": {
        "available": true,
        "path": "C:\\Users\\Zero\\.cache\\puppeteer\\chrome\\win64-137.0.7151.119\\chrome-win64\\chrome.exe",
        "message": "Puppeteer Chromium available at: C:\\Users\\Zero\\.cache\\puppeteer\\chrome\\win64-137.0.7151.119\\chrome-win64\\chrome.exe"
      }
    },
    "recommendation": "Chrome is available. Production mode recommended."
  }
}

================================================================================
{
  "timestamp": "2025-12-29T06:28:15.822Z",
  "type": "SUCCESS",
  "message": "BrowserShield started successfully",
  "info": {
    "port": 5000,
    "mode": "Mock Mode",
    "https": false
  },
  "diagnostics": {
    "timestamp": "2025-12-29T06:28:15.822Z",
    "system": {
      "platform": "win32",
      "arch": "x64",
      "release": "10.0.19045",
      "type": "Windows_NT",
      "hostname": "COMPUTER",
      "cpus": 4,
      "totalMemory": "12163 MB",
      "freeMemory": "6440 MB"
    },
    "node": {
      "version": "v24.11.0",
      "execPath": "C:\\Program Files\\nodejs\\node.exe",
      "pid": 18136,
      "cwd": "C:\\laragon\\www\\TheBrowserShield"
    },
    "environment": {
      "NODE_ENV": "development",
      "PORT": "5000",
      "LOG_LEVEL": "info"
    },
    "paths": {
      "appRoot": "C:\\laragon\\www\\TheBrowserShield",
      "dataDir": "C:\\laragon\\www\\TheBrowserShield\\data",
      "logsDir": "C:\\laragon\\www\\TheBrowserShield\\data\\logs"
    },
    "windows": {
      "LOCALAPPDATA": "C:\\Users\\Zero\\AppData\\Local",
      "APPDATA": "C:\\Users\\Zero\\AppData\\Roaming",
      "PROGRAMFILES": "C:\\Program Files",
      "PROGRAMFILES(X86)": "C:\\Program Files (x86)"
    }
  }
}

================================================================================
{
  "timestamp": "2025-12-29T06:32:16.790Z",
  "type": "WARNING",
  "message": "Browser detection completed",
  "details": {
    "browsers": {
      "chrome": {
        "available": true,
        "path": "C:\\Program Files\\Google\\Chrome\\Application\\chrome.exe",
        "message": "Chrome found at: C:\\Program Files\\Google\\Chrome\\Application\\chrome.exe"
      },
      "firefox": {
        "available": false,
        "path": null,
        "message": "Firefox not found. Install Firefox to use Firefox mode."
      },
      "edge": {
        "available": true,
        "path": "C:\\Program Files (x86)\\Microsoft\\Edge\\Application\\msedge.exe",
        "message": "Edge found at: C:\\Program Files (x86)\\Microsoft\\Edge\\Application\\msedge.exe"
      },
      "puppeteerChrome": {
        "available": true,
        "path": "C:\\Users\\Zero\\.cache\\puppeteer\\chrome\\win64-137.0.7151.119\\chrome-win64\\chrome.exe",
        "message": "Puppeteer Chromium available at: C:\\Users\\Zero\\.cache\\puppeteer\\chrome\\win64-137.0.7151.119\\chrome-win64\\chrome.exe"
      }
    },
    "recommendation": "Chrome is available. Production mode recommended."
  }
}

================================================================================
{
  "timestamp": "2025-12-29T06:32:16.817Z",
  "type": "SUCCESS",
  "message": "BrowserShield started successfully",
  "info": {
    "port": 5000,
    "mode": "Mock Mode",
    "https": false
  },
  "diagnostics": {
    "timestamp": "2025-12-29T06:32:16.816Z",
    "system": {
      "platform": "win32",
      "arch": "x64",
      "release": "10.0.19045",
      "type": "Windows_NT",
      "hostname": "COMPUTER",
      "cpus": 4,
      "totalMemory": "12163 MB",
      "freeMemory": "5918 MB"
    },
    "node": {
      "version": "v24.11.0",
      "execPath": "C:\\Program Files\\nodejs\\node.exe",
      "pid": 464,
      "cwd": "C:\\laragon\\www\\TheBrowserShield"
    },
    "environment": {
      "NODE_ENV": "development",
      "PORT": "5000",
      "LOG_LEVEL": "info"
    },
    "paths": {
      "appRoot": "C:\\laragon\\www\\TheBrowserShield",
      "dataDir": "C:\\laragon\\www\\TheBrowserShield\\data",
      "logsDir": "C:\\laragon\\www\\TheBrowserShield\\data\\logs"
    },
    "windows": {
      "LOCALAPPDATA": "C:\\Users\\Zero\\AppData\\Local",
      "APPDATA": "C:\\Users\\Zero\\AppData\\Roaming",
      "PROGRAMFILES": "C:\\Program Files",
      "PROGRAMFILES(X86)": "C:\\Program Files (x86)"
    }
  }
}

================================================================================
{
  "timestamp": "2025-12-29T06:38:00.770Z",
  "type": "WARNING",
  "message": "Browser detection completed",
  "details": {
    "browsers": {
      "chrome": {
        "available": true,
        "path": "C:\\Program Files\\Google\\Chrome\\Application\\chrome.exe",
        "message": "Chrome found at: C:\\Program Files\\Google\\Chrome\\Application\\chrome.exe"
      },
      "firefox": {
        "available": false,
        "path": null,
        "message": "Firefox not found. Install Firefox to use Firefox mode."
      },
      "edge": {
        "available": true,
        "path": "C:\\Program Files (x86)\\Microsoft\\Edge\\Application\\msedge.exe",
        "message": "Edge found at: C:\\Program Files (x86)\\Microsoft\\Edge\\Application\\msedge.exe"
      },
      "puppeteerChrome": {
        "available": true,
        "path": "C:\\Users\\Zero\\.cache\\puppeteer\\chrome\\win64-137.0.7151.119\\chrome-win64\\chrome.exe",
        "message": "Puppeteer Chromium available at: C:\\Users\\Zero\\.cache\\puppeteer\\chrome\\win64-137.0.7151.119\\chrome-win64\\chrome.exe"
      }
    },
    "recommendation": "Chrome is available. Production mode recommended."
  }
}

================================================================================
{
  "timestamp": "2025-12-29T06:38:00.834Z",
  "type": "SUCCESS",
  "message": "BrowserShield started successfully",
  "info": {
    "port": 5000,
    "mode": "Production Mode (Chrome)",
    "https": false
  },
  "diagnostics": {
    "timestamp": "2025-12-29T06:38:00.832Z",
    "system": {
      "platform": "win32",
      "arch": "x64",
      "release": "10.0.19045",
      "type": "Windows_NT",
      "hostname": "COMPUTER",
      "cpus": 4,
      "totalMemory": "12163 MB",
      "freeMemory": "5517 MB"
    },
    "node": {
      "version": "v24.11.0",
      "execPath": "C:\\Program Files\\nodejs\\node.exe",
      "pid": 21588,
      "cwd": "C:\\laragon\\www\\TheBrowserShield"
    },
    "environment": {
      "NODE_ENV": "development",
      "PORT": "5000",
      "LOG_LEVEL": "info"
    },
    "paths": {
      "appRoot": "C:\\laragon\\www\\TheBrowserShield",
      "dataDir": "C:\\laragon\\www\\TheBrowserShield\\data",
      "logsDir": "C:\\laragon\\www\\TheBrowserShield\\data\\logs"
    },
    "windows": {
      "LOCALAPPDATA": "C:\\Users\\Zero\\AppData\\Local",
      "APPDATA": "C:\\Users\\Zero\\AppData\\Roaming",
      "PROGRAMFILES": "C:\\Program Files",
      "PROGRAMFILES(X86)": "C:\\Program Files (x86)"
    }
  }
}

================================================================================
{
  "timestamp": "2025-12-29T06:45:15.750Z",
  "type": "WARNING",
  "message": "Browser detection completed",
  "details": {
    "browsers": {
      "chrome": {
        "available": true,
        "path": "C:\\Program Files\\Google\\Chrome\\Application\\chrome.exe",
        "message": "Chrome found at: C:\\Program Files\\Google\\Chrome\\Application\\chrome.exe"
      },
      "firefox": {
        "available": false,
        "path": null,
        "message": "Firefox not found. Install Firefox to use Firefox mode."
      },
      "edge": {
        "available": true,
        "path": "C:\\Program Files (x86)\\Microsoft\\Edge\\Application\\msedge.exe",
        "message": "Edge found at: C:\\Program Files (x86)\\Microsoft\\Edge\\Application\\msedge.exe"
      },
      "puppeteerChrome": {
        "available": true,
        "path": "C:\\Users\\Zero\\.cache\\puppeteer\\chrome\\win64-137.0.7151.119\\chrome-win64\\chrome.exe",
        "message": "Puppeteer Chromium available at: C:\\Users\\Zero\\.cache\\puppeteer\\chrome\\win64-137.0.7151.119\\chrome-win64\\chrome.exe"
      }
    },
    "recommendation": "Chrome is available. Production mode recommended."
  }
}

================================================================================
{
  "timestamp": "2025-12-29T06:45:15.781Z",
  "type": "SUCCESS",
  "message": "BrowserShield started successfully",
  "info": {
    "port": 5000,
    "mode": "Production Mode (Chrome)",
    "https": false
  },
  "diagnostics": {
    "timestamp": "2025-12-29T06:45:15.781Z",
    "system": {
      "platform": "win32",
      "arch": "x64",
      "release": "10.0.19045",
      "type": "Windows_NT",
      "hostname": "COMPUTER",
      "cpus": 4,
      "totalMemory": "12163 MB",
      "freeMemory": "4973 MB"
    },
    "node": {
      "version": "v24.11.0",
      "execPath": "C:\\Program Files\\nodejs\\node.exe",
      "pid": 22376,
      "cwd": "C:\\laragon\\www\\TheBrowserShield"
    },
    "environment": {
      "NODE_ENV": "development",
      "PORT": "5000",
      "LOG_LEVEL": "info"
    },
    "paths": {
      "appRoot": "C:\\laragon\\www\\TheBrowserShield",
      "dataDir": "C:\\laragon\\www\\TheBrowserShield\\data",
      "logsDir": "C:\\laragon\\www\\TheBrowserShield\\data\\logs"
    },
    "windows": {
      "LOCALAPPDATA": "C:\\Users\\Zero\\AppData\\Local",
      "APPDATA": "C:\\Users\\Zero\\AppData\\Roaming",
      "PROGRAMFILES": "C:\\Program Files",
      "PROGRAMFILES(X86)": "C:\\Program Files (x86)"
    }
  }
}

================================================================================
{
  "timestamp": "2025-12-29T06:45:37.643Z",
  "type": "WARNING",
  "message": "Browser detection completed",
  "details": {
    "browsers": {
      "chrome": {
        "available": true,
        "path": "C:\\Program Files\\Google\\Chrome\\Application\\chrome.exe",
        "message": "Chrome found at: C:\\Program Files\\Google\\Chrome\\Application\\chrome.exe"
      },
      "firefox": {
        "available": false,
        "path": null,
        "message": "Firefox not found. Install Firefox to use Firefox mode."
      },
      "edge": {
        "available": true,
        "path": "C:\\Program Files (x86)\\Microsoft\\Edge\\Application\\msedge.exe",
        "message": "Edge found at: C:\\Program Files (x86)\\Microsoft\\Edge\\Application\\msedge.exe"
      },
      "puppeteerChrome": {
        "available": true,
        "path": "C:\\Users\\Zero\\.cache\\puppeteer\\chrome\\win64-137.0.7151.119\\chrome-win64\\chrome.exe",
        "message": "Puppeteer Chromium available at: C:\\Users\\Zero\\.cache\\puppeteer\\chrome\\win64-137.0.7151.119\\chrome-win64\\chrome.exe"
      }
    },
    "recommendation": "Chrome is available. Production mode recommended."
  }
}

================================================================================
{
  "timestamp": "2025-12-29T06:46:29.383Z",
  "type": "WARNING",
  "message": "Browser detection completed",
  "details": {
    "browsers": {
      "chrome": {
        "available": true,
        "path": "C:\\Program Files\\Google\\Chrome\\Application\\chrome.exe",
        "message": "Chrome found at: C:\\Program Files\\Google\\Chrome\\Application\\chrome.exe"
      },
      "firefox": {
        "available": false,
        "path": null,
        "message": "Firefox not found. Install Firefox to use Firefox mode."
      },
      "edge": {
        "available": true,
        "path": "C:\\Program Files (x86)\\Microsoft\\Edge\\Application\\msedge.exe",
        "message": "Edge found at: C:\\Program Files (x86)\\Microsoft\\Edge\\Application\\msedge.exe"
      },
      "puppeteerChrome": {
        "available": true,
        "path": "C:\\Users\\Zero\\.cache\\puppeteer\\chrome\\win64-137.0.7151.119\\chrome-win64\\chrome.exe",
        "message": "Puppeteer Chromium available at: C:\\Users\\Zero\\.cache\\puppeteer\\chrome\\win64-137.0.7151.119\\chrome-win64\\chrome.exe"
      }
    },
    "recommendation": "Chrome is available. Production mode recommended."
  }
}

================================================================================
{
  "timestamp": "2025-12-29T06:46:29.407Z",
  "type": "SUCCESS",
  "message": "BrowserShield started successfully",
  "info": {
    "port": 5000,
    "mode": "Mock Mode",
    "https": false
  },
  "diagnostics": {
    "timestamp": "2025-12-29T06:46:29.407Z",
    "system": {
      "platform": "win32",
      "arch": "x64",
      "release": "10.0.19045",
      "type": "Windows_NT",
      "hostname": "COMPUTER",
      "cpus": 4,
      "totalMemory": "12163 MB",
      "freeMemory": "5066 MB"
    },
    "node": {
      "version": "v24.11.0",
      "execPath": "C:\\Program Files\\nodejs\\node.exe",
      "pid": 9424,
      "cwd": "C:\\laragon\\www\\TheBrowserShield"
    },
    "environment": {
      "NODE_ENV": "development",
      "PORT": "5000",
      "LOG_LEVEL": "info"
    },
    "paths": {
      "appRoot": "C:\\laragon\\www\\TheBrowserShield",
      "dataDir": "C:\\laragon\\www\\TheBrowserShield\\data",
      "logsDir": "C:\\laragon\\www\\TheBrowserShield\\data\\logs"
    },
    "windows": {
      "LOCALAPPDATA": "C:\\Users\\Zero\\AppData\\Local",
      "APPDATA": "C:\\Users\\Zero\\AppData\\Roaming",
      "PROGRAMFILES": "C:\\Program Files",
      "PROGRAMFILES(X86)": "C:\\Program Files (x86)"
    }
  }
}

================================================================================
{
  "timestamp": "2025-12-29T06:46:40.728Z",
  "type": "WARNING",
  "message": "Browser detection completed",
  "details": {
    "browsers": {
      "chrome": {
        "available": true,
        "path": "C:\\Program Files\\Google\\Chrome\\Application\\chrome.exe",
        "message": "Chrome found at: C:\\Program Files\\Google\\Chrome\\Application\\chrome.exe"
      },
      "firefox": {
        "available": false,
        "path": null,
        "message": "Firefox not found. Install Firefox to use Firefox mode."
      },
      "edge": {
        "available": true,
        "path": "C:\\Program Files (x86)\\Microsoft\\Edge\\Application\\msedge.exe",
        "message": "Edge found at: C:\\Program Files (x86)\\Microsoft\\Edge\\Application\\msedge.exe"
      },
      "puppeteerChrome": {
        "available": true,
        "path": "C:\\Users\\Zero\\.cache\\puppeteer\\chrome\\win64-137.0.7151.119\\chrome-win64\\chrome.exe",
        "message": "Puppeteer Chromium available at: C:\\Users\\Zero\\.cache\\puppeteer\\chrome\\win64-137.0.7151.119\\chrome-win64\\chrome.exe"
      }
    },
    "recommendation": "Chrome is available. Production mode recommended."
  }
}

================================================================================
{
  "timestamp": "2025-12-29T06:51:35.096Z",
  "type": "WARNING",
  "message": "Browser detection completed",
  "details": {
    "browsers": {
      "chrome": {
        "available": true,
        "path": "C:\\Program Files\\Google\\Chrome\\Application\\chrome.exe",
        "message": "Chrome found at: C:\\Program Files\\Google\\Chrome\\Application\\chrome.exe"
      },
      "firefox": {
        "available": false,
        "path": null,
        "message": "Firefox not found. Install Firefox to use Firefox mode."
      },
      "edge": {
        "available": true,
        "path": "C:\\Program Files (x86)\\Microsoft\\Edge\\Application\\msedge.exe",
        "message": "Edge found at: C:\\Program Files (x86)\\Microsoft\\Edge\\Application\\msedge.exe"
      },
      "puppeteerChrome": {
        "available": true,
        "path": "C:\\Users\\Zero\\.cache\\puppeteer\\chrome\\win64-137.0.7151.119\\chrome-win64\\chrome.exe",
        "message": "Puppeteer Chromium available at: C:\\Users\\Zero\\.cache\\puppeteer\\chrome\\win64-137.0.7151.119\\chrome-win64\\chrome.exe"
      }
    },
    "recommendation": "Chrome is available. Production mode recommended."
  }
}

================================================================================
{
  "timestamp": "2025-12-29T06:51:35.125Z",
  "type": "SUCCESS",
  "message": "BrowserShield started successfully",
  "info": {
    "port": 5000,
    "mode": "Production Mode (Chrome)",
    "https": false
  },
  "diagnostics": {
    "timestamp": "2025-12-29T06:51:35.124Z",
    "system": {
      "platform": "win32",
      "arch": "x64",
      "release": "10.0.19045",
      "type": "Windows_NT",
      "hostname": "COMPUTER",
      "cpus": 4,
      "totalMemory": "12163 MB",
      "freeMemory": "4763 MB"
    },
    "node": {
      "version": "v24.11.0",
      "execPath": "C:\\Program Files\\nodejs\\node.exe",
      "pid": 1836,
      "cwd": "C:\\laragon\\www\\TheBrowserShield"
    },
    "environment": {
      "NODE_ENV": "development",
      "PORT": "5000",
      "LOG_LEVEL": "info"
    },
    "paths": {
      "appRoot": "C:\\laragon\\www\\TheBrowserShield",
      "dataDir": "C:\\laragon\\www\\TheBrowserShield\\data",
      "logsDir": "C:\\laragon\\www\\TheBrowserShield\\data\\logs"
    },
    "windows": {
      "LOCALAPPDATA": "C:\\Users\\Zero\\AppData\\Local",
      "APPDATA": "C:\\Users\\Zero\\AppData\\Roaming",
      "PROGRAMFILES": "C:\\Program Files",
      "PROGRAMFILES(X86)": "C:\\Program Files (x86)"
    }
  }
}

================================================================================
{
  "timestamp": "2025-12-29T08:13:43.730Z",
  "type": "WARNING",
  "message": "Browser detection completed",
  "details": {
    "browsers": {
      "chrome": {
        "available": true,
        "path": "C:\\Program Files\\Google\\Chrome\\Application\\chrome.exe",
        "message": "Chrome found at: C:\\Program Files\\Google\\Chrome\\Application\\chrome.exe"
      },
      "firefox": {
        "available": false,
        "path": null,
        "message": "Firefox not found. Install Firefox to use Firefox mode."
      },
      "edge": {
        "available": true,
        "path": "C:\\Program Files (x86)\\Microsoft\\Edge\\Application\\msedge.exe",
        "message": "Edge found at: C:\\Program Files (x86)\\Microsoft\\Edge\\Application\\msedge.exe"
      },
      "puppeteerChrome": {
        "available": true,
        "path": "C:\\Users\\Zero\\.cache\\puppeteer\\chrome\\win64-137.0.7151.119\\chrome-win64\\chrome.exe",
        "message": "Puppeteer Chromium available at: C:\\Users\\Zero\\.cache\\puppeteer\\chrome\\win64-137.0.7151.119\\chrome-win64\\chrome.exe"
      }
    },
    "recommendation": "Chrome is available. Production mode recommended."
  }
}

================================================================================
{
  "timestamp": "2025-12-29T08:13:43.780Z",
  "type": "SUCCESS",
  "message": "BrowserShield started successfully",
  "info": {
    "port": 5000,
    "mode": "Production Mode (Chrome)",
    "https": false
  },
  "diagnostics": {
    "timestamp": "2025-12-29T08:13:43.778Z",
    "system": {
      "platform": "win32",
      "arch": "x64",
      "release": "10.0.19045",
      "type": "Windows_NT",
      "hostname": "COMPUTER",
      "cpus": 4,
      "totalMemory": "12163 MB",
      "freeMemory": "3982 MB"
    },
    "node": {
      "version": "v24.11.0",
      "execPath": "C:\\Program Files\\nodejs\\node.exe",
      "pid": 22456,
      "cwd": "C:\\laragon\\www\\TheBrowserShield"
    },
    "environment": {
      "NODE_ENV": "test",
      "PORT": "5000",
      "LOG_LEVEL": "info"
    },
    "paths": {
      "appRoot": "C:\\laragon\\www\\TheBrowserShield",
      "dataDir": "C:\\laragon\\www\\TheBrowserShield\\data",
      "logsDir": "C:\\laragon\\www\\TheBrowserShield\\data\\logs"
    },
    "windows": {
      "LOCALAPPDATA": "C:\\Users\\Zero\\AppData\\Local",
      "APPDATA": "C:\\Users\\Zero\\AppData\\Roaming",
      "PROGRAMFILES": "C:\\Program Files",
      "PROGRAMFILES(X86)": "C:\\Program Files (x86)"
    }
  }
}

================================================================================
{
  "timestamp": "2025-12-29T08:13:51.321Z",
  "type": "WARNING",
  "message": "Browser detection completed",
  "details": {
    "browsers": {
      "chrome": {
        "available": true,
        "path": "C:\\Program Files\\Google\\Chrome\\Application\\chrome.exe",
        "message": "Chrome found at: C:\\Program Files\\Google\\Chrome\\Application\\chrome.exe"
      },
      "firefox": {
        "available": false,
        "path": null,
        "message": "Firefox not found. Install Firefox to use Firefox mode."
      },
      "edge": {
        "available": true,
        "path": "C:\\Program Files (x86)\\Microsoft\\Edge\\Application\\msedge.exe",
        "message": "Edge found at: C:\\Program Files (x86)\\Microsoft\\Edge\\Application\\msedge.exe"
      },
      "puppeteerChrome": {
        "available": true,
        "path": "C:\\Users\\Zero\\.cache\\puppeteer\\chrome\\win64-137.0.7151.119\\chrome-win64\\chrome.exe",
        "message": "Puppeteer Chromium available at: C:\\Users\\Zero\\.cache\\puppeteer\\chrome\\win64-137.0.7151.119\\chrome-win64\\chrome.exe"
      }
    },
    "recommendation": "Chrome is available. Production mode recommended."
  }
}

================================================================================
{
  "timestamp": "2025-12-29T08:13:51.380Z",
  "type": "ERROR",
  "category": "PORT_IN_USE",
  "error": {
    "name": "Error",
    "message": "Port 5000 is already in use",
    "code": "EADDRINUSE",
    "stack": "Error: Port 5000 is already in use\n    at Server.<anonymous> (C:\\laragon\\www\\TheBrowserShield\\server.js:367:35)\n    at Server.emit (node:events:508:28)\n    at emitErrorNT (node:net:1976:8)\n    at processTicksAndRejections (node:internal/process/task_queues:90:21)"
  },
  "context": {
    "phase": "http_server_start"
  },
  "diagnostics": {
    "timestamp": "2025-12-29T08:13:51.351Z",
    "system": {
      "platform": "win32",
      "arch": "x64",
      "release": "10.0.19045",
      "type": "Windows_NT",
      "hostname": "COMPUTER",
      "cpus": 4,
      "totalMemory": "12163 MB",
      "freeMemory": "3840 MB"
    },
    "node": {
      "version": "v24.11.0",
      "execPath": "C:\\Program Files\\nodejs\\node.exe",
      "pid": 14580,
      "cwd": "C:\\laragon\\www\\TheBrowserShield"
    },
    "environment": {
      "NODE_ENV": "test",
      "PORT": "5000",
      "LOG_LEVEL": "info"
    },
    "paths": {
      "appRoot": "C:\\laragon\\www\\TheBrowserShield",
      "dataDir": "C:\\laragon\\www\\TheBrowserShield\\data",
      "logsDir": "C:\\laragon\\www\\TheBrowserShield\\data\\logs"
    },
    "windows": {
      "LOCALAPPDATA": "C:\\Users\\Zero\\AppData\\Local",
      "APPDATA": "C:\\Users\\Zero\\AppData\\Roaming",
      "PROGRAMFILES": "C:\\Program Files",
      "PROGRAMFILES(X86)": "C:\\Program Files (x86)"
    }
  },
  "userMessage": {
    "vi": "Port đang được sử dụng. Đóng ứng dụng khác hoặc đổi port.",
    "en": "Port is in use. Close other applications or change port."
  }
}

================================================================================
{
  "timestamp": "2025-12-29T08:13:56.273Z",
  "type": "WARNING",
  "message": "Browser detection completed",
  "details": {
    "browsers": {
      "chrome": {
        "available": true,
        "path": "C:\\Program Files\\Google\\Chrome\\Application\\chrome.exe",
        "message": "Chrome found at: C:\\Program Files\\Google\\Chrome\\Application\\chrome.exe"
      },
      "firefox": {
        "available": false,
        "path": null,
        "message": "Firefox not found. Install Firefox to use Firefox mode."
      },
      "edge": {
        "available": true,
        "path": "C:\\Program Files (x86)\\Microsoft\\Edge\\Application\\msedge.exe",
        "message": "Edge found at: C:\\Program Files (x86)\\Microsoft\\Edge\\Application\\msedge.exe"
      },
      "puppeteerChrome": {
        "available": true,
        "path": "C:\\Users\\Zero\\.cache\\puppeteer\\chrome\\win64-137.0.7151.119\\chrome-win64\\chrome.exe",
        "message": "Puppeteer Chromium available at: C:\\Users\\Zero\\.cache\\puppeteer\\chrome\\win64-137.0.7151.119\\chrome-win64\\chrome.exe"
      }
    },
    "recommendation": "Chrome is available. Production mode recommended."
  }
}

================================================================================
{
  "timestamp": "2025-12-29T08:13:56.342Z",
  "type": "ERROR",
  "category": "PORT_IN_USE",
  "error": {
    "name": "Error",
    "message": "Port 5000 is already in use",
    "code": "EADDRINUSE",
    "stack": "Error: Port 5000 is already in use\n    at Server.<anonymous> (C:\\laragon\\www\\TheBrowserShield\\server.js:367:35)\n    at Server.emit (node:events:508:28)\n    at emitErrorNT (node:net:1976:8)\n    at processTicksAndRejections (node:internal/process/task_queues:90:21)"
  },
  "context": {
    "phase": "http_server_start"
  },
  "diagnostics": {
    "timestamp": "2025-12-29T08:13:56.307Z",
    "system": {
      "platform": "win32",
      "arch": "x64",
      "release": "10.0.19045",
      "type": "Windows_NT",
      "hostname": "COMPUTER",
      "cpus": 4,
      "totalMemory": "12163 MB",
      "freeMemory": "5217 MB"
    },
    "node": {
      "version": "v24.11.0",
      "execPath": "C:\\Program Files\\nodejs\\node.exe",
      "pid": 20448,
      "cwd": "C:\\laragon\\www\\TheBrowserShield"
    },
    "environment": {
      "NODE_ENV": "test",
      "PORT": "5000",
      "LOG_LEVEL": "info"
    },
    "paths": {
      "appRoot": "C:\\laragon\\www\\TheBrowserShield",
      "dataDir": "C:\\laragon\\www\\TheBrowserShield\\data",
      "logsDir": "C:\\laragon\\www\\TheBrowserShield\\data\\logs"
    },
    "windows": {
      "LOCALAPPDATA": "C:\\Users\\Zero\\AppData\\Local",
      "APPDATA": "C:\\Users\\Zero\\AppData\\Roaming",
      "PROGRAMFILES": "C:\\Program Files",
      "PROGRAMFILES(X86)": "C:\\Program Files (x86)"
    }
  },
  "userMessage": {
    "vi": "Port đang được sử dụng. Đóng ứng dụng khác hoặc đổi port.",
    "en": "Port is in use. Close other applications or change port."
  }
}

================================================================================
{
  "timestamp": "2025-12-29T08:14:00.646Z",
  "type": "WARNING",
  "message": "Browser detection completed",
  "details": {
    "browsers": {
      "chrome": {
        "available": true,
        "path": "C:\\Program Files\\Google\\Chrome\\Application\\chrome.exe",
        "message": "Chrome found at: C:\\Program Files\\Google\\Chrome\\Application\\chrome.exe"
      },
      "firefox": {
        "available": false,
        "path": null,
        "message": "Firefox not found. Install Firefox to use Firefox mode."
      },
      "edge": {
        "available": true,
        "path": "C:\\Program Files (x86)\\Microsoft\\Edge\\Application\\msedge.exe",
        "message": "Edge found at: C:\\Program Files (x86)\\Microsoft\\Edge\\Application\\msedge.exe"
      },
      "puppeteerChrome": {
        "available": true,
        "path": "C:\\Users\\Zero\\.cache\\puppeteer\\chrome\\win64-137.0.7151.119\\chrome-win64\\chrome.exe",
        "message": "Puppeteer Chromium available at: C:\\Users\\Zero\\.cache\\puppeteer\\chrome\\win64-137.0.7151.119\\chrome-win64\\chrome.exe"
      }
    },
    "recommendation": "Chrome is available. Production mode recommended."
  }
}

================================================================================
{
  "timestamp": "2025-12-29T08:14:00.696Z",
  "type": "ERROR",
  "category": "PORT_IN_USE",
  "error": {
    "name": "Error",
    "message": "Port 5000 is already in use",
    "code": "EADDRINUSE",
    "stack": "Error: Port 5000 is already in use\n    at Server.<anonymous> (C:\\laragon\\www\\TheBrowserShield\\server.js:367:35)\n    at Server.emit (node:events:508:28)\n    at emitErrorNT (node:net:1976:8)\n    at processTicksAndRejections (node:internal/process/task_queues:90:21)"
  },
  "context": {
    "phase": "http_server_start"
  },
  "diagnostics": {
    "timestamp": "2025-12-29T08:14:00.666Z",
    "system": {
      "platform": "win32",
      "arch": "x64",
      "release": "10.0.19045",
      "type": "Windows_NT",
      "hostname": "COMPUTER",
      "cpus": 4,
      "totalMemory": "12163 MB",
      "freeMemory": "4932 MB"
    },
    "node": {
      "version": "v24.11.0",
      "execPath": "C:\\Program Files\\nodejs\\node.exe",
      "pid": 14392,
      "cwd": "C:\\laragon\\www\\TheBrowserShield"
    },
    "environment": {
      "NODE_ENV": "test",
      "PORT": "5000",
      "LOG_LEVEL": "info"
    },
    "paths": {
      "appRoot": "C:\\laragon\\www\\TheBrowserShield",
      "dataDir": "C:\\laragon\\www\\TheBrowserShield\\data",
      "logsDir": "C:\\laragon\\www\\TheBrowserShield\\data\\logs"
    },
    "windows": {
      "LOCALAPPDATA": "C:\\Users\\Zero\\AppData\\Local",
      "APPDATA": "C:\\Users\\Zero\\AppData\\Roaming",
      "PROGRAMFILES": "C:\\Program Files",
      "PROGRAMFILES(X86)": "C:\\Program Files (x86)"
    }
  },
  "userMessage": {
    "vi": "Port đang được sử dụng. Đóng ứng dụng khác hoặc đổi port.",
    "en": "Port is in use. Close other applications or change port."
  }
}

================================================================================
{
  "timestamp": "2025-12-29T08:14:00.807Z",
  "type": "WARNING",
  "message": "Browser detection completed",
  "details": {
    "browsers": {
      "chrome": {
        "available": true,
        "path": "C:\\Program Files\\Google\\Chrome\\Application\\chrome.exe",
        "message": "Chrome found at: C:\\Program Files\\Google\\Chrome\\Application\\chrome.exe"
      },
      "firefox": {
        "available": false,
        "path": null,
        "message": "Firefox not found. Install Firefox to use Firefox mode."
      },
      "edge": {
        "available": true,
        "path": "C:\\Program Files (x86)\\Microsoft\\Edge\\Application\\msedge.exe",
        "message": "Edge found at: C:\\Program Files (x86)\\Microsoft\\Edge\\Application\\msedge.exe"
      },
      "puppeteerChrome": {
        "available": true,
        "path": "C:\\Users\\Zero\\.cache\\puppeteer\\chrome\\win64-137.0.7151.119\\chrome-win64\\chrome.exe",
        "message": "Puppeteer Chromium available at: C:\\Users\\Zero\\.cache\\puppeteer\\chrome\\win64-137.0.7151.119\\chrome-win64\\chrome.exe"
      }
    },
    "recommendation": "Chrome is available. Production mode recommended."
  }
}

================================================================================
{
  "timestamp": "2025-12-29T08:14:00.865Z",
  "type": "ERROR",
  "category": "PORT_IN_USE",
  "error": {
    "name": "Error",
    "message": "Port 5000 is already in use",
    "code": "EADDRINUSE",
    "stack": "Error: Port 5000 is already in use\n    at Server.<anonymous> (C:\\laragon\\www\\TheBrowserShield\\server.js:367:35)\n    at Server.emit (node:events:508:28)\n    at emitErrorNT (node:net:1976:8)\n    at processTicksAndRejections (node:internal/process/task_queues:90:21)"
  },
  "context": {
    "phase": "http_server_start"
  },
  "diagnostics": {
    "timestamp": "2025-12-29T08:14:00.831Z",
    "system": {
      "platform": "win32",
      "arch": "x64",
      "release": "10.0.19045",
      "type": "Windows_NT",
      "hostname": "COMPUTER",
      "cpus": 4,
      "totalMemory": "12163 MB",
      "freeMemory": "5025 MB"
    },
    "node": {
      "version": "v24.11.0",
      "execPath": "C:\\Program Files\\nodejs\\node.exe",
      "pid": 14960,
      "cwd": "C:\\laragon\\www\\TheBrowserShield"
    },
    "environment": {
      "NODE_ENV": "test",
      "PORT": "5000",
      "LOG_LEVEL": "info"
    },
    "paths": {
      "appRoot": "C:\\laragon\\www\\TheBrowserShield",
      "dataDir": "C:\\laragon\\www\\TheBrowserShield\\data",
      "logsDir": "C:\\laragon\\www\\TheBrowserShield\\data\\logs"
    },
    "windows": {
      "LOCALAPPDATA": "C:\\Users\\Zero\\AppData\\Local",
      "APPDATA": "C:\\Users\\Zero\\AppData\\Roaming",
      "PROGRAMFILES": "C:\\Program Files",
      "PROGRAMFILES(X86)": "C:\\Program Files (x86)"
    }
  },
  "userMessage": {
    "vi": "Port đang được sử dụng. Đóng ứng dụng khác hoặc đổi port.",
    "en": "Port is in use. Close other applications or change port."
  }
}

================================================================================
{
  "timestamp": "2025-12-29T08:14:07.215Z",
  "type": "WARNING",
  "message": "Browser detection completed",
  "details": {
    "browsers": {
      "chrome": {
        "available": true,
        "path": "C:\\Program Files\\Google\\Chrome\\Application\\chrome.exe",
        "message": "Chrome found at: C:\\Program Files\\Google\\Chrome\\Application\\chrome.exe"
      },
      "firefox": {
        "available": false,
        "path": null,
        "message": "Firefox not found. Install Firefox to use Firefox mode."
      },
      "edge": {
        "available": true,
        "path": "C:\\Program Files (x86)\\Microsoft\\Edge\\Application\\msedge.exe",
        "message": "Edge found at: C:\\Program Files (x86)\\Microsoft\\Edge\\Application\\msedge.exe"
      },
      "puppeteerChrome": {
        "available": true,
        "path": "C:\\Users\\Zero\\.cache\\puppeteer\\chrome\\win64-137.0.7151.119\\chrome-win64\\chrome.exe",
        "message": "Puppeteer Chromium available at: C:\\Users\\Zero\\.cache\\puppeteer\\chrome\\win64-137.0.7151.119\\chrome-win64\\chrome.exe"
      }
    },
    "recommendation": "Chrome is available. Production mode recommended."
  }
}

================================================================================
{
  "timestamp": "2025-12-29T08:14:07.289Z",
  "type": "ERROR",
  "category": "PORT_IN_USE",
  "error": {
    "name": "Error",
    "message": "Port 5000 is already in use",
    "code": "EADDRINUSE",
    "stack": "Error: Port 5000 is already in use\n    at Server.<anonymous> (C:\\laragon\\www\\TheBrowserShield\\server.js:367:35)\n    at Server.emit (node:events:508:28)\n    at emitErrorNT (node:net:1976:8)\n    at processTicksAndRejections (node:internal/process/task_queues:90:21)"
  },
  "context": {
    "phase": "http_server_start"
  },
  "diagnostics": {
    "timestamp": "2025-12-29T08:14:07.249Z",
    "system": {
      "platform": "win32",
      "arch": "x64",
      "release": "10.0.19045",
      "type": "Windows_NT",
      "hostname": "COMPUTER",
      "cpus": 4,
      "totalMemory": "12163 MB",
      "freeMemory": "4634 MB"
    },
    "node": {
      "version": "v24.11.0",
      "execPath": "C:\\Program Files\\nodejs\\node.exe",
      "pid": 13152,
      "cwd": "C:\\laragon\\www\\TheBrowserShield"
    },
    "environment": {
      "NODE_ENV": "test",
      "PORT": "5000",
      "LOG_LEVEL": "info"
    },
    "paths": {
      "appRoot": "C:\\laragon\\www\\TheBrowserShield",
      "dataDir": "C:\\laragon\\www\\TheBrowserShield\\data",
      "logsDir": "C:\\laragon\\www\\TheBrowserShield\\data\\logs"
    },
    "windows": {
      "LOCALAPPDATA": "C:\\Users\\Zero\\AppData\\Local",
      "APPDATA": "C:\\Users\\Zero\\AppData\\Roaming",
      "PROGRAMFILES": "C:\\Program Files",
      "PROGRAMFILES(X86)": "C:\\Program Files (x86)"
    }
  },
  "userMessage": {
    "vi": "Port đang được sử dụng. Đóng ứng dụng khác hoặc đổi port.",
    "en": "Port is in use. Close other applications or change port."
  }
}

================================================================================
{
  "timestamp": "2025-12-29T08:14:08.028Z",
  "type": "WARNING",
  "message": "Browser detection completed",
  "details": {
    "browsers": {
      "chrome": {
        "available": true,
        "path": "C:\\Program Files\\Google\\Chrome\\Application\\chrome.exe",
        "message": "Chrome found at: C:\\Program Files\\Google\\Chrome\\Application\\chrome.exe"
      },
      "firefox": {
        "available": false,
        "path": null,
        "message": "Firefox not found. Install Firefox to use Firefox mode."
      },
      "edge": {
        "available": true,
        "path": "C:\\Program Files (x86)\\Microsoft\\Edge\\Application\\msedge.exe",
        "message": "Edge found at: C:\\Program Files (x86)\\Microsoft\\Edge\\Application\\msedge.exe"
      },
      "puppeteerChrome": {
        "available": true,
        "path": "C:\\Users\\Zero\\.cache\\puppeteer\\chrome\\win64-137.0.7151.119\\chrome-win64\\chrome.exe",
        "message": "Puppeteer Chromium available at: C:\\Users\\Zero\\.cache\\puppeteer\\chrome\\win64-137.0.7151.119\\chrome-win64\\chrome.exe"
      }
    },
    "recommendation": "Chrome is available. Production mode recommended."
  }
}

================================================================================
{
  "timestamp": "2025-12-29T08:14:08.096Z",
  "type": "ERROR",
  "category": "PORT_IN_USE",
  "error": {
    "name": "Error",
    "message": "Port 5000 is already in use",
    "code": "EADDRINUSE",
    "stack": "Error: Port 5000 is already in use\n    at Server.<anonymous> (C:\\laragon\\www\\TheBrowserShield\\server.js:367:35)\n    at Server.emit (node:events:508:28)\n    at emitErrorNT (node:net:1976:8)\n    at processTicksAndRejections (node:internal/process/task_queues:90:21)"
  },
  "context": {
    "phase": "http_server_start"
  },
  "diagnostics": {
    "timestamp": "2025-12-29T08:14:08.061Z",
    "system": {
      "platform": "win32",
      "arch": "x64",
      "release": "10.0.19045",
      "type": "Windows_NT",
      "hostname": "COMPUTER",
      "cpus": 4,
      "totalMemory": "12163 MB",
      "freeMemory": "4691 MB"
    },
    "node": {
      "version": "v24.11.0",
      "execPath": "C:\\Program Files\\nodejs\\node.exe",
      "pid": 60,
      "cwd": "C:\\laragon\\www\\TheBrowserShield"
    },
    "environment": {
      "NODE_ENV": "test",
      "PORT": "5000",
      "LOG_LEVEL": "info"
    },
    "paths": {
      "appRoot": "C:\\laragon\\www\\TheBrowserShield",
      "dataDir": "C:\\laragon\\www\\TheBrowserShield\\data",
      "logsDir": "C:\\laragon\\www\\TheBrowserShield\\data\\logs"
    },
    "windows": {
      "LOCALAPPDATA": "C:\\Users\\Zero\\AppData\\Local",
      "APPDATA": "C:\\Users\\Zero\\AppData\\Roaming",
      "PROGRAMFILES": "C:\\Program Files",
      "PROGRAMFILES(X86)": "C:\\Program Files (x86)"
    }
  },
  "userMessage": {
    "vi": "Port đang được sử dụng. Đóng ứng dụng khác hoặc đổi port.",
    "en": "Port is in use. Close other applications or change port."
  }
}

================================================================================
{
  "timestamp": "2025-12-29T08:14:11.478Z",
  "type": "WARNING",
  "message": "Browser detection completed",
  "details": {
    "browsers": {
      "chrome": {
        "available": true,
        "path": "C:\\Program Files\\Google\\Chrome\\Application\\chrome.exe",
        "message": "Chrome found at: C:\\Program Files\\Google\\Chrome\\Application\\chrome.exe"
      },
      "firefox": {
        "available": false,
        "path": null,
        "message": "Firefox not found. Install Firefox to use Firefox mode."
      },
      "edge": {
        "available": true,
        "path": "C:\\Program Files (x86)\\Microsoft\\Edge\\Application\\msedge.exe",
        "message": "Edge found at: C:\\Program Files (x86)\\Microsoft\\Edge\\Application\\msedge.exe"
      },
      "puppeteerChrome": {
        "available": true,
        "path": "C:\\Users\\Zero\\.cache\\puppeteer\\chrome\\win64-137.0.7151.119\\chrome-win64\\chrome.exe",
        "message": "Puppeteer Chromium available at: C:\\Users\\Zero\\.cache\\puppeteer\\chrome\\win64-137.0.7151.119\\chrome-win64\\chrome.exe"
      }
    },
    "recommendation": "Chrome is available. Production mode recommended."
  }
}

================================================================================
{
  "timestamp": "2025-12-29T08:14:11.553Z",
  "type": "ERROR",
  "category": "PORT_IN_USE",
  "error": {
    "name": "Error",
    "message": "Port 5000 is already in use",
    "code": "EADDRINUSE",
    "stack": "Error: Port 5000 is already in use\n    at Server.<anonymous> (C:\\laragon\\www\\TheBrowserShield\\server.js:367:35)\n    at Server.emit (node:events:508:28)\n    at emitErrorNT (node:net:1976:8)\n    at processTicksAndRejections (node:internal/process/task_queues:90:21)"
  },
  "context": {
    "phase": "http_server_start"
  },
  "diagnostics": {
    "timestamp": "2025-12-29T08:14:11.511Z",
    "system": {
      "platform": "win32",
      "arch": "x64",
      "release": "10.0.19045",
      "type": "Windows_NT",
      "hostname": "COMPUTER",
      "cpus": 4,
      "totalMemory": "12163 MB",
      "freeMemory": "4658 MB"
    },
    "node": {
      "version": "v24.11.0",
      "execPath": "C:\\Program Files\\nodejs\\node.exe",
      "pid": 20576,
      "cwd": "C:\\laragon\\www\\TheBrowserShield"
    },
    "environment": {
      "NODE_ENV": "test",
      "PORT": "5000",
      "LOG_LEVEL": "info"
    },
    "paths": {
      "appRoot": "C:\\laragon\\www\\TheBrowserShield",
      "dataDir": "C:\\laragon\\www\\TheBrowserShield\\data",
      "logsDir": "C:\\laragon\\www\\TheBrowserShield\\data\\logs"
    },
    "windows": {
      "LOCALAPPDATA": "C:\\Users\\Zero\\AppData\\Local",
      "APPDATA": "C:\\Users\\Zero\\AppData\\Roaming",
      "PROGRAMFILES": "C:\\Program Files",
      "PROGRAMFILES(X86)": "C:\\Program Files (x86)"
    }
  },
  "userMessage": {
    "vi": "Port đang được sử dụng. Đóng ứng dụng khác hoặc đổi port.",
    "en": "Port is in use. Close other applications or change port."
  }
}

================================================================================
{
  "timestamp": "2025-12-29T08:14:16.030Z",
  "type": "WARNING",
  "message": "Browser detection completed",
  "details": {
    "browsers": {
      "chrome": {
        "available": true,
        "path": "C:\\Program Files\\Google\\Chrome\\Application\\chrome.exe",
        "message": "Chrome found at: C:\\Program Files\\Google\\Chrome\\Application\\chrome.exe"
      },
      "firefox": {
        "available": false,
        "path": null,
        "message": "Firefox not found. Install Firefox to use Firefox mode."
      },
      "edge": {
        "available": true,
        "path": "C:\\Program Files (x86)\\Microsoft\\Edge\\Application\\msedge.exe",
        "message": "Edge found at: C:\\Program Files (x86)\\Microsoft\\Edge\\Application\\msedge.exe"
      },
      "puppeteerChrome": {
        "available": true,
        "path": "C:\\Users\\Zero\\.cache\\puppeteer\\chrome\\win64-137.0.7151.119\\chrome-win64\\chrome.exe",
        "message": "Puppeteer Chromium available at: C:\\Users\\Zero\\.cache\\puppeteer\\chrome\\win64-137.0.7151.119\\chrome-win64\\chrome.exe"
      }
    },
    "recommendation": "Chrome is available. Production mode recommended."
  }
}

================================================================================
{
  "timestamp": "2025-12-29T08:14:16.107Z",
  "type": "ERROR",
  "category": "PORT_IN_USE",
  "error": {
    "name": "Error",
    "message": "Port 5000 is already in use",
    "code": "EADDRINUSE",
    "stack": "Error: Port 5000 is already in use\n    at Server.<anonymous> (C:\\laragon\\www\\TheBrowserShield\\server.js:367:35)\n    at Server.emit (node:events:508:28)\n    at emitErrorNT (node:net:1976:8)\n    at processTicksAndRejections (node:internal/process/task_queues:90:21)"
  },
  "context": {
    "phase": "http_server_start"
  },
  "diagnostics": {
    "timestamp": "2025-12-29T08:14:16.057Z",
    "system": {
      "platform": "win32",
      "arch": "x64",
      "release": "10.0.19045",
      "type": "Windows_NT",
      "hostname": "COMPUTER",
      "cpus": 4,
      "totalMemory": "12163 MB",
      "freeMemory": "4538 MB"
    },
    "node": {
      "version": "v24.11.0",
      "execPath": "C:\\Program Files\\nodejs\\node.exe",
      "pid": 12012,
      "cwd": "C:\\laragon\\www\\TheBrowserShield"
    },
    "environment": {
      "NODE_ENV": "test",
      "PORT": "5000",
      "LOG_LEVEL": "info"
    },
    "paths": {
      "appRoot": "C:\\laragon\\www\\TheBrowserShield",
      "dataDir": "C:\\laragon\\www\\TheBrowserShield\\data",
      "logsDir": "C:\\laragon\\www\\TheBrowserShield\\data\\logs"
    },
    "windows": {
      "LOCALAPPDATA": "C:\\Users\\Zero\\AppData\\Local",
      "APPDATA": "C:\\Users\\Zero\\AppData\\Roaming",
      "PROGRAMFILES": "C:\\Program Files",
      "PROGRAMFILES(X86)": "C:\\Program Files (x86)"
    }
  },
  "userMessage": {
    "vi": "Port đang được sử dụng. Đóng ứng dụng khác hoặc đổi port.",
    "en": "Port is in use. Close other applications or change port."
  }
}

================================================================================
{
  "timestamp": "2025-12-29T08:14:17.361Z",
  "type": "WARNING",
  "message": "Browser detection completed",
  "details": {
    "browsers": {
      "chrome": {
        "available": true,
        "path": "C:\\Program Files\\Google\\Chrome\\Application\\chrome.exe",
        "message": "Chrome found at: C:\\Program Files\\Google\\Chrome\\Application\\chrome.exe"
      },
      "firefox": {
        "available": false,
        "path": null,
        "message": "Firefox not found. Install Firefox to use Firefox mode."
      },
      "edge": {
        "available": true,
        "path": "C:\\Program Files (x86)\\Microsoft\\Edge\\Application\\msedge.exe",
        "message": "Edge found at: C:\\Program Files (x86)\\Microsoft\\Edge\\Application\\msedge.exe"
      },
      "puppeteerChrome": {
        "available": true,
        "path": "C:\\Users\\Zero\\.cache\\puppeteer\\chrome\\win64-137.0.7151.119\\chrome-win64\\chrome.exe",
        "message": "Puppeteer Chromium available at: C:\\Users\\Zero\\.cache\\puppeteer\\chrome\\win64-137.0.7151.119\\chrome-win64\\chrome.exe"
      }
    },
    "recommendation": "Chrome is available. Production mode recommended."
  }
}

================================================================================
{
  "timestamp": "2025-12-29T08:14:17.388Z",
  "type": "ERROR",
  "category": "PORT_IN_USE",
  "error": {
    "name": "Error",
    "message": "Port 5000 is already in use",
    "code": "EADDRINUSE",
    "stack": "Error: Port 5000 is already in use\n    at Server.<anonymous> (C:\\laragon\\www\\TheBrowserShield\\server.js:367:35)\n    at Server.emit (node:events:508:28)\n    at emitErrorNT (node:net:1976:8)\n    at processTicksAndRejections (node:internal/process/task_queues:90:21)"
  },
  "context": {
    "phase": "http_server_start"
  },
  "diagnostics": {
    "timestamp": "2025-12-29T08:14:17.368Z",
    "system": {
      "platform": "win32",
      "arch": "x64",
      "release": "10.0.19045",
      "type": "Windows_NT",
      "hostname": "COMPUTER",
      "cpus": 4,
      "totalMemory": "12163 MB",
      "freeMemory": "4597 MB"
    },
    "node": {
      "version": "v24.11.0",
      "execPath": "C:\\Program Files\\nodejs\\node.exe",
      "pid": 22456,
      "cwd": "C:\\laragon\\www\\TheBrowserShield"
    },
    "environment": {
      "NODE_ENV": "test",
      "PORT": "5000",
      "LOG_LEVEL": "info"
    },
    "paths": {
      "appRoot": "C:\\laragon\\www\\TheBrowserShield",
      "dataDir": "C:\\laragon\\www\\TheBrowserShield\\data",
      "logsDir": "C:\\laragon\\www\\TheBrowserShield\\data\\logs"
    },
    "windows": {
      "LOCALAPPDATA": "C:\\Users\\Zero\\AppData\\Local",
      "APPDATA": "C:\\Users\\Zero\\AppData\\Roaming",
      "PROGRAMFILES": "C:\\Program Files",
      "PROGRAMFILES(X86)": "C:\\Program Files (x86)"
    }
  },
  "userMessage": {
    "vi": "Port đang được sử dụng. Đóng ứng dụng khác hoặc đổi port.",
    "en": "Port is in use. Close other applications or change port."
  }
}

================================================================================
{
  "timestamp": "2025-12-29T08:14:18.296Z",
  "type": "WARNING",
  "message": "Browser detection completed",
  "details": {
    "browsers": {
      "chrome": {
        "available": true,
        "path": "C:\\Program Files\\Google\\Chrome\\Application\\chrome.exe",
        "message": "Chrome found at: C:\\Program Files\\Google\\Chrome\\Application\\chrome.exe"
      },
      "firefox": {
        "available": false,
        "path": null,
        "message": "Firefox not found. Install Firefox to use Firefox mode."
      },
      "edge": {
        "available": true,
        "path": "C:\\Program Files (x86)\\Microsoft\\Edge\\Application\\msedge.exe",
        "message": "Edge found at: C:\\Program Files (x86)\\Microsoft\\Edge\\Application\\msedge.exe"
      },
      "puppeteerChrome": {
        "available": true,
        "path": "C:\\Users\\Zero\\.cache\\puppeteer\\chrome\\win64-137.0.7151.119\\chrome-win64\\chrome.exe",
        "message": "Puppeteer Chromium available at: C:\\Users\\Zero\\.cache\\puppeteer\\chrome\\win64-137.0.7151.119\\chrome-win64\\chrome.exe"
      }
    },
    "recommendation": "Chrome is available. Production mode recommended."
  }
}

================================================================================
{
  "timestamp": "2025-12-29T08:14:18.336Z",
  "type": "SUCCESS",
  "message": "BrowserShield started successfully",
  "info": {
    "port": 5000,
    "mode": "Production Mode (Chrome)",
    "https": false
  },
  "diagnostics": {
    "timestamp": "2025-12-29T08:14:18.335Z",
    "system": {
      "platform": "win32",
      "arch": "x64",
      "release": "10.0.19045",
      "type": "Windows_NT",
      "hostname": "COMPUTER",
      "cpus": 4,
      "totalMemory": "12163 MB",
      "freeMemory": "5112 MB"
    },
    "node": {
      "version": "v24.11.0",
      "execPath": "C:\\Program Files\\nodejs\\node.exe",
      "pid": 1248,
      "cwd": "C:\\laragon\\www\\TheBrowserShield"
    },
    "environment": {
      "NODE_ENV": "test",
      "PORT": "5000",
      "LOG_LEVEL": "info"
    },
    "paths": {
      "appRoot": "C:\\laragon\\www\\TheBrowserShield",
      "dataDir": "C:\\laragon\\www\\TheBrowserShield\\data",
      "logsDir": "C:\\laragon\\www\\TheBrowserShield\\data\\logs"
    },
    "windows": {
      "LOCALAPPDATA": "C:\\Users\\Zero\\AppData\\Local",
      "APPDATA": "C:\\Users\\Zero\\AppData\\Roaming",
      "PROGRAMFILES": "C:\\Program Files",
      "PROGRAMFILES(X86)": "C:\\Program Files (x86)"
    }
  }
}

================================================================================
{
  "timestamp": "2025-12-29T08:14:20.049Z",
  "type": "WARNING",
  "message": "Browser detection completed",
  "details": {
    "browsers": {
      "chrome": {
        "available": true,
        "path": "C:\\Program Files\\Google\\Chrome\\Application\\chrome.exe",
        "message": "Chrome found at: C:\\Program Files\\Google\\Chrome\\Application\\chrome.exe"
      },
      "firefox": {
        "available": false,
        "path": null,
        "message": "Firefox not found. Install Firefox to use Firefox mode."
      },
      "edge": {
        "available": true,
        "path": "C:\\Program Files (x86)\\Microsoft\\Edge\\Application\\msedge.exe",
        "message": "Edge found at: C:\\Program Files (x86)\\Microsoft\\Edge\\Application\\msedge.exe"
      },
      "puppeteerChrome": {
        "available": true,
        "path": "C:\\Users\\Zero\\.cache\\puppeteer\\chrome\\win64-137.0.7151.119\\chrome-win64\\chrome.exe",
        "message": "Puppeteer Chromium available at: C:\\Users\\Zero\\.cache\\puppeteer\\chrome\\win64-137.0.7151.119\\chrome-win64\\chrome.exe"
      }
    },
    "recommendation": "Chrome is available. Production mode recommended."
  }
}

================================================================================
{
  "timestamp": "2025-12-29T08:14:20.078Z",
  "type": "ERROR",
  "category": "PORT_IN_USE",
  "error": {
    "name": "Error",
    "message": "Port 5000 is already in use",
    "code": "EADDRINUSE",
    "stack": "Error: Port 5000 is already in use\n    at Server.<anonymous> (C:\\laragon\\www\\TheBrowserShield\\server.js:367:35)\n    at Server.emit (node:events:508:28)\n    at emitErrorNT (node:net:1976:8)\n    at processTicksAndRejections (node:internal/process/task_queues:90:21)"
  },
  "context": {
    "phase": "http_server_start"
  },
  "diagnostics": {
    "timestamp": "2025-12-29T08:14:20.065Z",
    "system": {
      "platform": "win32",
      "arch": "x64",
      "release": "10.0.19045",
      "type": "Windows_NT",
      "hostname": "COMPUTER",
      "cpus": 4,
      "totalMemory": "12163 MB",
      "freeMemory": "4990 MB"
    },
    "node": {
      "version": "v24.11.0",
      "execPath": "C:\\Program Files\\nodejs\\node.exe",
      "pid": 10064,
      "cwd": "C:\\laragon\\www\\TheBrowserShield"
    },
    "environment": {
      "NODE_ENV": "test",
      "PORT": "5000",
      "LOG_LEVEL": "info"
    },
    "paths": {
      "appRoot": "C:\\laragon\\www\\TheBrowserShield",
      "dataDir": "C:\\laragon\\www\\TheBrowserShield\\data",
      "logsDir": "C:\\laragon\\www\\TheBrowserShield\\data\\logs"
    },
    "windows": {
      "LOCALAPPDATA": "C:\\Users\\Zero\\AppData\\Local",
      "APPDATA": "C:\\Users\\Zero\\AppData\\Roaming",
      "PROGRAMFILES": "C:\\Program Files",
      "PROGRAMFILES(X86)": "C:\\Program Files (x86)"
    }
  },
  "userMessage": {
    "vi": "Port đang được sử dụng. Đóng ứng dụng khác hoặc đổi port.",
    "en": "Port is in use. Close other applications or change port."
  }
}

================================================================================
{
  "timestamp": "2025-12-29T08:14:22.251Z",
  "type": "WARNING",
  "message": "Browser detection completed",
  "details": {
    "browsers": {
      "chrome": {
        "available": true,
        "path": "C:\\Program Files\\Google\\Chrome\\Application\\chrome.exe",
        "message": "Chrome found at: C:\\Program Files\\Google\\Chrome\\Application\\chrome.exe"
      },
      "firefox": {
        "available": false,
        "path": null,
        "message": "Firefox not found. Install Firefox to use Firefox mode."
      },
      "edge": {
        "available": true,
        "path": "C:\\Program Files (x86)\\Microsoft\\Edge\\Application\\msedge.exe",
        "message": "Edge found at: C:\\Program Files (x86)\\Microsoft\\Edge\\Application\\msedge.exe"
      },
      "puppeteerChrome": {
        "available": true,
        "path": "C:\\Users\\Zero\\.cache\\puppeteer\\chrome\\win64-137.0.7151.119\\chrome-win64\\chrome.exe",
        "message": "Puppeteer Chromium available at: C:\\Users\\Zero\\.cache\\puppeteer\\chrome\\win64-137.0.7151.119\\chrome-win64\\chrome.exe"
      }
    },
    "recommendation": "Chrome is available. Production mode recommended."
  }
}

================================================================================
{
  "timestamp": "2025-12-29T08:14:22.296Z",
  "type": "ERROR",
  "category": "PORT_IN_USE",
  "error": {
    "name": "Error",
    "message": "Port 5000 is already in use",
    "code": "EADDRINUSE",
    "stack": "Error: Port 5000 is already in use\n    at Server.<anonymous> (C:\\laragon\\www\\TheBrowserShield\\server.js:367:35)\n    at Server.emit (node:events:508:28)\n    at emitErrorNT (node:net:1976:8)\n    at processTicksAndRejections (node:internal/process/task_queues:90:21)"
  },
  "context": {
    "phase": "http_server_start"
  },
  "diagnostics": {
    "timestamp": "2025-12-29T08:14:22.271Z",
    "system": {
      "platform": "win32",
      "arch": "x64",
      "release": "10.0.19045",
      "type": "Windows_NT",
      "hostname": "COMPUTER",
      "cpus": 4,
      "totalMemory": "12163 MB",
      "freeMemory": "5001 MB"
    },
    "node": {
      "version": "v24.11.0",
      "execPath": "C:\\Program Files\\nodejs\\node.exe",
      "pid": 21416,
      "cwd": "C:\\laragon\\www\\TheBrowserShield"
    },
    "environment": {
      "NODE_ENV": "test",
      "PORT": "5000",
      "LOG_LEVEL": "info"
    },
    "paths": {
      "appRoot": "C:\\laragon\\www\\TheBrowserShield",
      "dataDir": "C:\\laragon\\www\\TheBrowserShield\\data",
      "logsDir": "C:\\laragon\\www\\TheBrowserShield\\data\\logs"
    },
    "windows": {
      "LOCALAPPDATA": "C:\\Users\\Zero\\AppData\\Local",
      "APPDATA": "C:\\Users\\Zero\\AppData\\Roaming",
      "PROGRAMFILES": "C:\\Program Files",
      "PROGRAMFILES(X86)": "C:\\Program Files (x86)"
    }
  },
  "userMessage": {
    "vi": "Port đang được sử dụng. Đóng ứng dụng khác hoặc đổi port.",
    "en": "Port is in use. Close other applications or change port."
  }
}

================================================================================
{
  "timestamp": "2025-12-29T08:14:24.577Z",
  "type": "WARNING",
  "message": "Browser detection completed",
  "details": {
    "browsers": {
      "chrome": {
        "available": true,
        "path": "C:\\Program Files\\Google\\Chrome\\Application\\chrome.exe",
        "message": "Chrome found at: C:\\Program Files\\Google\\Chrome\\Application\\chrome.exe"
      },
      "firefox": {
        "available": false,
        "path": null,
        "message": "Firefox not found. Install Firefox to use Firefox mode."
      },
      "edge": {
        "available": true,
        "path": "C:\\Program Files (x86)\\Microsoft\\Edge\\Application\\msedge.exe",
        "message": "Edge found at: C:\\Program Files (x86)\\Microsoft\\Edge\\Application\\msedge.exe"
      },
      "puppeteerChrome": {
        "available": true,
        "path": "C:\\Users\\Zero\\.cache\\puppeteer\\chrome\\win64-137.0.7151.119\\chrome-win64\\chrome.exe",
        "message": "Puppeteer Chromium available at: C:\\Users\\Zero\\.cache\\puppeteer\\chrome\\win64-137.0.7151.119\\chrome-win64\\chrome.exe"
      }
    },
    "recommendation": "Chrome is available. Production mode recommended."
  }
}

================================================================================
{
  "timestamp": "2025-12-29T08:14:24.614Z",
  "type": "ERROR",
  "category": "PORT_IN_USE",
  "error": {
    "name": "Error",
    "message": "Port 5000 is already in use",
    "code": "EADDRINUSE",
    "stack": "Error: Port 5000 is already in use\n    at Server.<anonymous> (C:\\laragon\\www\\TheBrowserShield\\server.js:367:35)\n    at Server.emit (node:events:508:28)\n    at emitErrorNT (node:net:1976:8)\n    at processTicksAndRejections (node:internal/process/task_queues:90:21)"
  },
  "context": {
    "phase": "http_server_start"
  },
  "diagnostics": {
    "timestamp": "2025-12-29T08:14:24.594Z",
    "system": {
      "platform": "win32",
      "arch": "x64",
      "release": "10.0.19045",
      "type": "Windows_NT",
      "hostname": "COMPUTER",
      "cpus": 4,
      "totalMemory": "12163 MB",
      "freeMemory": "5023 MB"
    },
    "node": {
      "version": "v24.11.0",
      "execPath": "C:\\Program Files\\nodejs\\node.exe",
      "pid": 19812,
      "cwd": "C:\\laragon\\www\\TheBrowserShield"
    },
    "environment": {
      "NODE_ENV": "test",
      "PORT": "5000",
      "LOG_LEVEL": "info"
    },
    "paths": {
      "appRoot": "C:\\laragon\\www\\TheBrowserShield",
      "dataDir": "C:\\laragon\\www\\TheBrowserShield\\data",
      "logsDir": "C:\\laragon\\www\\TheBrowserShield\\data\\logs"
    },
    "windows": {
      "LOCALAPPDATA": "C:\\Users\\Zero\\AppData\\Local",
      "APPDATA": "C:\\Users\\Zero\\AppData\\Roaming",
      "PROGRAMFILES": "C:\\Program Files",
      "PROGRAMFILES(X86)": "C:\\Program Files (x86)"
    }
  },
  "userMessage": {
    "vi": "Port đang được sử dụng. Đóng ứng dụng khác hoặc đổi port.",
    "en": "Port is in use. Close other applications or change port."
  }
}
